// Jest Snapshot v1, https://goo.gl/fbAQLP

exports[`Snapshot test tests snapshot 1`] = `
<nav
  className="navbar navbar-dark navbar-expand-lg bg-dark"
>
  <button
    className="btn btn-link navbar-brand"
    onClick={[Function]}
  >
    Arbetsprov
  </button>
  <button
    aria-controls="navbarSupportedContent"
    aria-expanded="false"
    aria-label="Toggle navigation"
    className="navbar-toggler"
    data-target="#navbarSupportedContent"
    data-toggle="collapse"
    type="button"
  >
    <span
      className="navbar-toggler-icon"
    />
  </button>
  <div
    className="collapse navbar-collapse"
    id="navbarSupportedContent"
  >
    <ul
      className="navbar-nav mr-auto"
    >
      <li
        className="nav-item active"
      >
        <button
          className="btn btn-link nav-link"
          onClick={[Function]}
        >
          Deleted Tasks
        </button>
      </li>
    </ul>
    <form
      className="form-inline my-2 my-lg-0"
    >
      <input
        aria-label="Add Task"
        className="form-control mr-sm-2"
        onChange={[Function]}
        placeholder="Add Task"
      />
      <button
        className="btn btn-outline-secondary my-2 my-sm-0"
        onClick={[MockFunction]}
      >
        Add
      </button>
    </form>
  </div>
</nav>
`;
