// Jest Snapshot v1, https://goo.gl/fbAQLP

exports[`Snapshot test display modal 1`] = `
<div
  aria-hidden="true"
  className="modal show"
  role="dialog"
  style={
    Object {
      "display": "block",
      "paddingRight": "15px",
    }
  }
  tabIndex={-1}
>
  <div
    className="modal-dialog modal-dialog-scrollable modal-dialog-centered"
    role="document"
  >
    <div
      className="modal-content"
    >
      <div
        className="modal-header"
      >
        <h5
          className="modal-title"
        >
          Edit Task
        </h5>
        <button
          className="close"
          onClick={[MockFunction]}
          type="button"
        >
          <span
            aria-hidden="true"
          >
            Ã—
          </span>
        </button>
      </div>
      <div
        className="modal-body"
      >
        <form>
          <div
            className="form-group"
          >
            <label
              htmlFor="taskTitle"
            >
              Title
            </label>
            <input
              className="form-control"
              id="taskTitle"
              onChange={[Function]}
              placeholder="Title"
              value=""
            />
          </div>
          <div
            className="form-group"
          >
            <label
              htmlFor="taskDesc"
            >
              Description
            </label>
            <textarea
              className="form-control"
              id="taskDesc"
              onChange={[Function]}
              rows="3"
              value=""
            />
          </div>
          <div
            className="form-group"
          >
            <label
              htmlFor="taskComplexity"
            >
              Complexity
            </label>
            <select
              className="form-control"
              id="taskComplexity"
              onChange={[Function]}
              value="0"
            >
              <option>
                0
              </option>
              <option>
                1
              </option>
              <option>
                2
              </option>
              <option>
                3
              </option>
              <option>
                4
              </option>
              <option>
                5
              </option>
              <option>
                6
              </option>
              <option>
                7
              </option>
              <option>
                8
              </option>
              <option>
                9
              </option>
              <option>
                10
              </option>
            </select>
          </div>
          <div
            className="form-group"
          >
            <label
              htmlFor="taskAssignee"
            >
              Assignee
            </label>
            <input
              className="form-control"
              id="taskAssignee"
              onChange={[Function]}
              placeholder="Assignee"
              value=""
            />
          </div>
        </form>
      </div>
      <div
        className="modal-footer"
      >
        <button
          className="btn btn-secondary"
          onClick={[MockFunction]}
          type="button"
        >
          Cancel
        </button>
        <button
          className="btn btn-primary"
          onClick={[MockFunction]}
          type="button"
        >
          Save
        </button>
      </div>
    </div>
  </div>
</div>
`;

exports[`Snapshot test hidden modal 1`] = `<div />`;
