// Jest Snapshot v1, https://goo.gl/fbAQLP

exports[`Snapshot test display dialog 1`] = `
<div
  aria-hidden="true"
  className="modal show"
  role="dialog"
  style={
    Object {
      "display": "block",
      "paddingRight": "15px",
    }
  }
  tabIndex={-1}
>
  <div
    className="modal-dialog modal-dialog-scrollable modal-dialog-centered"
    role="document"
  >
    <div
      className="modal-content"
    >
      <div
        className="modal-header"
      >
        <h5
          className="modal-title"
        >
          Confirmation
        </h5>
        <button
          className="close"
          onClick={[MockFunction]}
          type="button"
        >
          <span
            aria-hidden="true"
          >
            Ã—
          </span>
        </button>
      </div>
      <div
        className="modal-body"
      >
        <p>
          
        </p>
      </div>
      <div
        className="modal-footer"
      >
        <button
          className="btn btn-secondary"
          onClick={[MockFunction]}
          type="button"
        >
          No
        </button>
        <button
          className="btn btn-primary"
          onClick={[MockFunction]}
          type="button"
        >
          Yes
        </button>
      </div>
    </div>
  </div>
</div>
`;

exports[`Snapshot test hidden dialog 1`] = `<div />`;
